
> react-kavia@0.1.0 start
> cross-env EDIT_MODE=true webpack serve --config .ve/webpack.config.js --mode development

<i> [webpack-dev-server] Project is running at:
<i> [webpack-dev-server] Loopback: http://localhost:3000/, http://[::1]:3000/
<i> [webpack-dev-server] On Your Network (IPv4): http://172.17.0.2:3000/
<i> [webpack-dev-server] Content not from webpack is served from './public' directory
Injecting EditorRootWrapper import: ../.ve/EditorRootWrapper
asset bundle.js 1.39 MiB [emitted] (name: main)
asset index.html 1.98 KiB [emitted]
runtime modules 27.5 KiB 14 modules
modules by path ./node_modules/ 1.24 MiB 31 modules
modules by path ./src/ 10.3 KiB
  modules by path ./src/*.css 7.49 KiB 4 modules
  modules by path ./src/*.js 2.76 KiB
    ./src/index.js 530 bytes [built] [code generated]
    ./src/App.js 2.24 KiB [built] [code generated]
modules by path ./.ve/ 15.1 KiB
  modules by path ./.ve/*.js 10.6 KiB 2 modules
  modules by path ./.ve/*.css 2.93 KiB
    ./.ve/EditorOverlay.css 2.25 KiB [built] [code generated]
    ./node_modules/css-loader/dist/cjs.js!./.ve/EditorOverlay.css 697 bytes [built] [code generated]
  ./.ve/EditorOverlay.jsx 1.58 KiB [built] [code generated]
webpack 5.99.9 compiled successfully in 1436 ms
assets by status 1.98 KiB [cached] 1 asset
assets by path *.js 1.41 MiB
  asset bundle.js 1.4 MiB [emitted] (name: main)
  asset main.a78f6cceddb6528ed333.hot-update.js 12.3 KiB [emitted] [immutable] [hmr] (name: main)
asset main.a78f6cceddb6528ed333.hot-update.json 28 bytes [emitted] [immutable] [hmr]
Entrypoint main 1.41 MiB = bundle.js 1.4 MiB main.a78f6cceddb6528ed333.hot-update.js 12.3 KiB
cached modules 1.26 MiB [cached] 41 modules
runtime modules 27.5 KiB 14 modules
javascript modules 4.69 KiB
  ./src/App.js 2.09 KiB [built] [code generated]
  ./src/components/GameBoard.js 734 bytes [built] [code generated]
  ./src/components/PlayerIndicator.js 959 bytes [built] [code generated]
  ./src/components/NotificationBanner.js 529 bytes [built] [code generated]
  ./src/components/ResetButton.js 439 bytes [built] [code generated]
webpack 5.99.9 compiled successfully in 115 ms
assets by status 1.98 KiB [cached] 1 asset
assets by path *.js 1.4 MiB
  asset bundle.js 1.4 MiB [emitted] (name: main)
  asset main.f01becce649fa94c0ee4.hot-update.js 4.78 KiB [emitted] [immutable] [hmr] (name: main)
asset main.f01becce649fa94c0ee4.hot-update.json 28 bytes [emitted] [immutable] [hmr]
Entrypoint main 1.4 MiB = bundle.js 1.4 MiB main.f01becce649fa94c0ee4.hot-update.js 4.78 KiB
cached modules 1.26 MiB [cached] 45 modules
runtime modules 27.5 KiB 14 modules
./node_modules/css-loader/dist/cjs.js!./src/App.css 2.31 KiB [built] [code generated]
webpack 5.99.9 compiled successfully in 68 ms
assets by status 1.98 KiB [cached] 1 asset
assets by path *.js 1.4 MiB
  asset bundle.js 1.4 MiB [emitted] (name: main)
  asset main.bb4c868d852cfb5e95fb.hot-update.js 4.77 KiB [emitted] [immutable] [hmr] (name: main)
asset main.bb4c868d852cfb5e95fb.hot-update.json 28 bytes [emitted] [immutable] [hmr]
Entrypoint main 1.4 MiB = bundle.js 1.4 MiB main.bb4c868d852cfb5e95fb.hot-update.js 4.77 KiB
cached modules 1.26 MiB [cached] 45 modules
runtime modules 27.5 KiB 14 modules
./node_modules/css-loader/dist/cjs.js!./src/App.css 2.31 KiB [built] [code generated]
webpack 5.99.9 compiled successfully in 34 ms
assets by status 1.98 KiB [cached] 1 asset
assets by path *.js 1.46 MiB
  asset bundle.js 1.43 MiB [emitted] (name: main)
  asset main.ad9d029d8ff018441def.hot-update.js 31.9 KiB [emitted] [immutable] [hmr] (name: main)
asset main.ad9d029d8ff018441def.hot-update.json 28 bytes [emitted] [immutable] [hmr]
Entrypoint main 1.46 MiB = bundle.js 1.43 MiB main.ad9d029d8ff018441def.hot-update.js 31.9 KiB
cached modules 1.26 MiB [cached] 45 modules
runtime modules 27.5 KiB 14 modules
./node_modules/css-loader/dist/cjs.js!./src/App.css 28.2 KiB [built] [code generated]
webpack 5.99.9 compiled successfully in 71 ms
assets by status 1.98 KiB [cached] 1 asset
assets by path *.js 1.44 MiB
  asset bundle.js 1.43 MiB [emitted] (name: main)
  asset main.be117bccc4dd219f896c.hot-update.js 7.46 KiB [emitted] [immutable] [hmr] (name: main)
asset main.be117bccc4dd219f896c.hot-update.json 28 bytes [emitted] [immutable] [hmr]
Entrypoint main 1.44 MiB = bundle.js 1.43 MiB main.be117bccc4dd219f896c.hot-update.js 7.46 KiB
cached modules 1.29 MiB [cached] 45 modules
runtime modules 27.5 KiB 14 modules
./src/App.js 4.06 KiB [built] [code generated]
webpack 5.99.9 compiled successfully in 107 ms
assets by status 1.98 KiB [cached] 1 asset
assets by path *.js 1.43 MiB
  asset bundle.js 1.43 MiB [emitted] (name: main)
  asset main.ed1ce303d96172c0a7a9.hot-update.js 3.39 KiB [emitted] [immutable] [hmr] (name: main)
asset main.ed1ce303d96172c0a7a9.hot-update.json 28 bytes [emitted] [immutable] [hmr]
Entrypoint main 1.43 MiB = bundle.js 1.43 MiB main.ed1ce303d96172c0a7a9.hot-update.js 3.39 KiB
cached modules 1.29 MiB [cached] 45 modules
runtime modules 27.5 KiB 14 modules
./src/components/GameBoard.js 1.41 KiB [built] [code generated]
webpack 5.99.9 compiled successfully in 50 ms
